------------------------------------------------------------
TimeQuest Timing Analyzer Summary
------------------------------------------------------------

Type  : Slow 1100mV 85C Model Setup 'clk'
Slack : -2.902
TNS   : -382.828

Type  : Slow 1100mV 85C Model Hold 'clk'
Slack : 0.373
TNS   : 0.000

Type  : Slow 1100mV 85C Model Minimum Pulse Width 'clk'
Slack : -0.394
TNS   : -87.399

Type  : Slow 1100mV 0C Model Setup 'clk'
Slack : -2.884
TNS   : -379.569

Type  : Slow 1100mV 0C Model Hold 'clk'
Slack : 0.390
TNS   : 0.000

Type  : Slow 1100mV 0C Model Minimum Pulse Width 'clk'
Slack : -0.394
TNS   : -96.656

Type  : Fast 1100mV 85C Model Setup 'clk'
Slack : -1.259
TNS   : -143.537

Type  : Fast 1100mV 85C Model Hold 'clk'
Slack : 0.180
TNS   : 0.000

Type  : Fast 1100mV 85C Model Minimum Pulse Width 'clk'
Slack : -0.088
TNS   : -13.736

Type  : Fast 1100mV 0C Model Setup 'clk'
Slack : -1.077
TNS   : -119.828

Type  : Fast 1100mV 0C Model Hold 'clk'
Slack : 0.169
TNS   : 0.000

Type  : Fast 1100mV 0C Model Minimum Pulse Width 'clk'
Slack : -0.088
TNS   : -13.728

------------------------------------------------------------
